[webapplayers.com/inspinia_admin-v2.7.1/index.html]
[backblue.gif]
[fade.gif]
[index.html]
[webapplayers.com/inspinia_admin-v2.7.1/css/bootstrap.min.css]
[webapplayers.com/inspinia_admin-v2.7.1/font-awesome/css/font-awesome.css]
[webapplayers.com/inspinia_admin-v2.7.1/css/plugins/toastr/toastr.min.css]
[webapplayers.com/inspinia_admin-v2.7.1/js/plugins/gritter/jquery.gritter.css]
[webapplayers.com/inspinia_admin-v2.7.1/css/animate.css]
[webapplayers.com/inspinia_admin-v2.7.1/img/profile_small.jpg]
[webapplayers.com/inspinia_admin-v2.7.1/css/style.css]
[webapplayers.com/inspinia_admin-v2.7.1/profile.html]
[webapplayers.com/inspinia_admin-v2.7.1/contacts.html]
[webapplayers.com/inspinia_admin-v2.7.1/mailbox.html]
[webapplayers.com/inspinia_admin-v2.7.1/login.html]
[webapplayers.com/inspinia_admin-v2.7.1/index-2.html]
[webapplayers.com/inspinia_admin-v2.7.1/dashboard_2.html]
[webapplayers.com/inspinia_admin-v2.7.1/dashboard_3.html]
[webapplayers.com/inspinia_admin-v2.7.1/dashboard_4_1.html]
[webapplayers.com/inspinia_admin-v2.7.1/dashboard_5.html]
[webapplayers.com/inspinia_admin-v2.7.1/layouts.html]
[webapplayers.com/inspinia_admin-v2.7.1/graph_flot.html]
[webapplayers.com/inspinia_admin-v2.7.1/graph_morris.html]
[webapplayers.com/inspinia_admin-v2.7.1/graph_rickshaw.html]
[webapplayers.com/inspinia_admin-v2.7.1/graph_chartjs.html]
[webapplayers.com/inspinia_admin-v2.7.1/graph_chartist.html]
[webapplayers.com/inspinia_admin-v2.7.1/c3.html]
[webapplayers.com/inspinia_admin-v2.7.1/graph_peity.html]
[webapplayers.com/inspinia_admin-v2.7.1/graph_sparkline.html]
[webapplayers.com/inspinia_admin-v2.7.1/mail_detail.html]
[webapplayers.com/inspinia_admin-v2.7.1/mail_compose.html]
[webapplayers.com/inspinia_admin-v2.7.1/email_template.html]
[webapplayers.com/inspinia_admin-v2.7.1/metrics.html]
[webapplayers.com/inspinia_admin-v2.7.1/widgets.html]
[webapplayers.com/inspinia_admin-v2.7.1/form_basic.html]
[webapplayers.com/inspinia_admin-v2.7.1/form_advanced.html]
[webapplayers.com/inspinia_admin-v2.7.1/form_wizard.html]
[webapplayers.com/inspinia_admin-v2.7.1/form_file_upload.html]
[webapplayers.com/inspinia_admin-v2.7.1/form_editors.html]
[webapplayers.com/inspinia_admin-v2.7.1/form_autocomplete.html]
[webapplayers.com/inspinia_admin-v2.7.1/form_markdown.html]
[webapplayers.com/inspinia_admin-v2.7.1/profile_2.html]
[webapplayers.com/inspinia_admin-v2.7.1/contacts_2.html]
[webapplayers.com/inspinia_admin-v2.7.1/projects.html]
[webapplayers.com/inspinia_admin-v2.7.1/project_detail.html]
[webapplayers.com/inspinia_admin-v2.7.1/activity_stream.html]
[webapplayers.com/inspinia_admin-v2.7.1/teams_board.html]
[webapplayers.com/inspinia_admin-v2.7.1/social_feed.html]
[webapplayers.com/inspinia_admin-v2.7.1/clients.html]
[webapplayers.com/inspinia_admin-v2.7.1/full_height.html]
[webapplayers.com/inspinia_admin-v2.7.1/vote_list.html]
[webapplayers.com/inspinia_admin-v2.7.1/file_manager.html]
[webapplayers.com/inspinia_admin-v2.7.1/calendar.html]
[webapplayers.com/inspinia_admin-v2.7.1/issue_tracker.html]
[webapplayers.com/inspinia_admin-v2.7.1/blog.html]
[webapplayers.com/inspinia_admin-v2.7.1/article.html]
[webapplayers.com/inspinia_admin-v2.7.1/faq.html]
[webapplayers.com/inspinia_admin-v2.7.1/timeline.html]
[webapplayers.com/inspinia_admin-v2.7.1/pin_board.html]
[webapplayers.com/inspinia_admin-v2.7.1/search_results.html]
[webapplayers.com/inspinia_admin-v2.7.1/lockscreen.html]
[webapplayers.com/inspinia_admin-v2.7.1/invoice.html]
[webapplayers.com/inspinia_admin-v2.7.1/login_two_columns.html]
[webapplayers.com/inspinia_admin-v2.7.1/forgot_password.html]
[webapplayers.com/inspinia_admin-v2.7.1/register.html]
[webapplayers.com/inspinia_admin-v2.7.1/404.html]
[webapplayers.com/inspinia_admin-v2.7.1/500.html]
[webapplayers.com/inspinia_admin-v2.7.1/empty_page.html]
[webapplayers.com/inspinia_admin-v2.7.1/toastr_notifications.html]
[webapplayers.com/inspinia_admin-v2.7.1/nestable_list.html]
[webapplayers.com/inspinia_admin-v2.7.1/agile_board.html]
[webapplayers.com/inspinia_admin-v2.7.1/timeline_2.html]
[webapplayers.com/inspinia_admin-v2.7.1/diff.html]
[webapplayers.com/inspinia_admin-v2.7.1/pdf_viewer.html]
[webapplayers.com/inspinia_admin-v2.7.1/i18support.html]
[webapplayers.com/inspinia_admin-v2.7.1/sweetalert.html]
[webapplayers.com/inspinia_admin-v2.7.1/idle_timer.html]
[webapplayers.com/inspinia_admin-v2.7.1/truncate.html]
[webapplayers.com/inspinia_admin-v2.7.1/password_meter.html]
[webapplayers.com/inspinia_admin-v2.7.1/spinners.html]
[webapplayers.com/inspinia_admin-v2.7.1/spinners_usage.html]
[webapplayers.com/inspinia_admin-v2.7.1/tinycon.html]
[webapplayers.com/inspinia_admin-v2.7.1/google_maps.html]
[webapplayers.com/inspinia_admin-v2.7.1/datamaps.html]
[webapplayers.com/inspinia_admin-v2.7.1/social_buttons.html]
[webapplayers.com/inspinia_admin-v2.7.1/code_editor.html]
[webapplayers.com/inspinia_admin-v2.7.1/modal_window.html]
[webapplayers.com/inspinia_admin-v2.7.1/clipboard.html]
[webapplayers.com/inspinia_admin-v2.7.1/text_spinners.html]
[webapplayers.com/inspinia_admin-v2.7.1/forum_main.html]
[webapplayers.com/inspinia_admin-v2.7.1/validation.html]
[webapplayers.com/inspinia_admin-v2.7.1/tree_view.html]
[webapplayers.com/inspinia_admin-v2.7.1/loading_buttons.html]
[webapplayers.com/inspinia_admin-v2.7.1/chat_view.html]
[webapplayers.com/inspinia_admin-v2.7.1/masonry.html]
[webapplayers.com/inspinia_admin-v2.7.1/tour.html]
[webapplayers.com/inspinia_admin-v2.7.1/typography.html]
[webapplayers.com/inspinia_admin-v2.7.1/icons.html]
[webapplayers.com/inspinia_admin-v2.7.1/draggable_panels.html]
[webapplayers.com/inspinia_admin-v2.7.1/resizeable_panels.html]
[webapplayers.com/inspinia_admin-v2.7.1/buttons.html]
[webapplayers.com/inspinia_admin-v2.7.1/video.html]
[webapplayers.com/inspinia_admin-v2.7.1/tabs_panels.html]
[webapplayers.com/inspinia_admin-v2.7.1/tabs.html]
[webapplayers.com/inspinia_admin-v2.7.1/notifications.html]
[webapplayers.com/inspinia_admin-v2.7.1/helper_classes.html]
[webapplayers.com/inspinia_admin-v2.7.1/badges_labels.html]
[webapplayers.com/inspinia_admin-v2.7.1/grid_options.html]
[webapplayers.com/inspinia_admin-v2.7.1/table_basic.html]
[webapplayers.com/inspinia_admin-v2.7.1/table_data_tables.html]
[webapplayers.com/inspinia_admin-v2.7.1/table_foo_table.html]
[webapplayers.com/inspinia_admin-v2.7.1/jq_grid.html]
[webapplayers.com/inspinia_admin-v2.7.1/ecommerce_products_grid.html]
[webapplayers.com/inspinia_admin-v2.7.1/ecommerce_product_list.html]
[webapplayers.com/inspinia_admin-v2.7.1/ecommerce_product.html]
[webapplayers.com/inspinia_admin-v2.7.1/ecommerce_product_detail.html]
[webapplayers.com/inspinia_admin-v2.7.1/ecommerce-cart.html]
[webapplayers.com/inspinia_admin-v2.7.1/ecommerce-orders.html]
[webapplayers.com/inspinia_admin-v2.7.1/ecommerce_payments.html]
[webapplayers.com/inspinia_admin-v2.7.1/basic_gallery.html]
[webapplayers.com/inspinia_admin-v2.7.1/slick_carousel.html]
[webapplayers.com/inspinia_admin-v2.7.1/carousel.html]
[webapplayers.com/inspinia_admin-v2.7.1/css_animation.html]
[webapplayers.com/inspinia_admin-v2.7.1/landing.html]
[webapplayers.com/inspinia_admin-v2.7.1/package.html]
[webapplayers.com/inspinia_admin-v2.7.1/img/a7.jpg]
[webapplayers.com/inspinia_admin-v2.7.1/img/a4.jpg]
[webapplayers.com/inspinia_admin-v2.7.1/img/profile.jpg]
[webapplayers.com/inspinia_admin-v2.7.1/img/a2.jpg]
[webapplayers.com/inspinia_admin-v2.7.1/img/a3.jpg]
[webapplayers.com/inspinia_admin-v2.7.1/img/a5.jpg]
[webapplayers.com/inspinia_admin-v2.7.1/img/a1.jpg]
[webapplayers.com/inspinia_admin-v2.7.1/img/a8.jpg]
[webapplayers.com/inspinia_admin-v2.7.1/js/plugins/metisMenu/jquery.metisMenu.js]
[webapplayers.com/inspinia_admin-v2.7.1/js/bootstrap.min.js]
[webapplayers.com/inspinia_admin-v2.7.1/js/plugins/slimscroll/jquery.slimscroll.min.js]
[webapplayers.com/inspinia_admin-v2.7.1/js/jquery-3.1.1.min.js]
[webapplayers.com/inspinia_admin-v2.7.1/js/plugins/flot/jquery.flot.tooltip.min.js]
[webapplayers.com/inspinia_admin-v2.7.1/js/plugins/flot/jquery.flot.spline.js]
[webapplayers.com/inspinia_admin-v2.7.1/js/plugins/flot/jquery.flot.resize.js]
[webapplayers.com/inspinia_admin-v2.7.1/js/plugins/flot/jquery.flot.js]
[webapplayers.com/inspinia_admin-v2.7.1/js/plugins/flot/jquery.flot.pie.js]
[webapplayers.com/inspinia_admin-v2.7.1/js/plugins/peity/jquery.peity.min.js]
[webapplayers.com/inspinia_admin-v2.7.1/js/demo/peity-demo.js]
[webapplayers.com/inspinia_admin-v2.7.1/js/inspinia.js]
[webapplayers.com/inspinia_admin-v2.7.1/js/plugins/pace/pace.min.js]
[webapplayers.com/inspinia_admin-v2.7.1/js/plugins/gritter/jquery.gritter.min.js]
[webapplayers.com/inspinia_admin-v2.7.1/js/demo/sparkline-demo.js]
[webapplayers.com/inspinia_admin-v2.7.1/js/plugins/sparkline/jquery.sparkline.min.js]
[www.google-analytics.com/analytics.js]
[webapplayers.com/inspinia_admin-v2.7.1/index.html]
[webapplayers.com/inspinia_admin-v2.7.1/js/plugins/toastr/toastr.min.js]
[webapplayers.com/inspinia_admin-v2.7.1/js/plugins/jquery-ui/jquery-ui.min.js]
[webapplayers.com/inspinia_admin-v2.7.1/fonts/glyphicons-halflings-regular.eot]
[webapplayers.com/inspinia_admin-v2.7.1/fonts/glyphicons-halflings-regulard41d.eot]
[webapplayers.com/inspinia_admin-v2.7.1/js/plugins/chartJs/Chart.min.js]
[webapplayers.com/inspinia_admin-v2.7.1/fonts/glyphicons-halflings-regular.woff2]
[webapplayers.com/inspinia_admin-v2.7.1/fonts/glyphicons-halflings-regular.woff]
[webapplayers.com/inspinia_admin-v2.7.1/fonts/glyphicons-halflings-regular.ttf]
[webapplayers.com/inspinia_admin-v2.7.1/css/bootstrap.min.css]
[webapplayers.com/inspinia_admin-v2.7.1/font-awesome/fonts/fontawesome-webfont3e6e.eot]
[webapplayers.com/inspinia_admin-v2.7.1/fonts/glyphicons-halflings-regular.svg]
[webapplayers.com/inspinia_admin-v2.7.1/font-awesome/fonts/fontawesome-webfontd41d.eot]
[webapplayers.com/inspinia_admin-v2.7.1/font-awesome/fonts/fontawesome-webfont3e6e.woff2]
[webapplayers.com/inspinia_admin-v2.7.1/font-awesome/fonts/fontawesome-webfont3e6e.woff]
[webapplayers.com/inspinia_admin-v2.7.1/font-awesome/fonts/fontawesome-webfont3e6e.ttf]
[webapplayers.com/inspinia_admin-v2.7.1/font-awesome/css/font-awesome.css]
[webapplayers.com/inspinia_admin-v2.7.1/css/plugins/toastr/toastr.min.css]
[webapplayers.com/inspinia_admin-v2.7.1/font-awesome/fonts/fontawesome-webfont3e6e.svg]
[webapplayers.com/inspinia_admin-v2.7.1/js/plugins/gritter/images/ie-spacer.gif]
[webapplayers.com/inspinia_admin-v2.7.1/js/plugins/gritter/images/gritter.png]
[webapplayers.com/inspinia_admin-v2.7.1/js/plugins/gritter/images/gritter-light.png]
[webapplayers.com/inspinia_admin-v2.7.1/js/plugins/gritter/jquery.gritter.css]
[webapplayers.com/inspinia_admin-v2.7.1/css/animate.css]
[webapplayers.com/inspinia_admin-v2.7.1/css/patterns/header-profile.png]
[webapplayers.com/inspinia_admin-v2.7.1/css/patterns/shattered.png]
[webapplayers.com/inspinia_admin-v2.7.1/img/landing/header_one.jpg]
[webapplayers.com/inspinia_admin-v2.7.1/img/landing/header_two.jpg]
[webapplayers.com/inspinia_admin-v2.7.1/img/landing/avatar_all.png]
[webapplayers.com/inspinia_admin-v2.7.1/img/landing/word_map.png]
[webapplayers.com/inspinia_admin-v2.7.1/css/patterns/header-profile-skin-1.png]
[webapplayers.com/inspinia_admin-v2.7.1/css/patterns/header-profile-skin-3.png]
[webapplayers.com/inspinia_admin-v2.7.1/css/patterns/3.png]
[webapplayers.com/inspinia_admin-v2.7.1/css/patterns/4.png]
[webapplayers.com/inspinia_admin-v2.7.1/css/patterns/header-profile-skin-2.png]
[webapplayers.com/inspinia_admin-v2.7.1/css/style.css]
[webapplayers.com/inspinia_admin-v2.7.1/img/profile_big.jpg]
[78.media.tumblr.com/20a9c501846f50c1271210639987000f/tumblr_n4vje69pJm1st5lhmo1_1280.jpg]
[webapplayers.com/inspinia_admin-v2.7.1/img/p1.jpg]
[78.media.tumblr.com/9afe602b3e624aff6681b0b51f5a062b/tumblr_n4ef69szs71st5lhmo1_1280.jpg]
[webapplayers.com/inspinia_admin-v2.7.1/img/p3.jpg]
[webapplayers.com/inspinia_admin-v2.7.1/js/bootstrap.js]
[webapplayers.com/inspinia_admin-v2.7.1/profile.html]
[webapplayers.com/inspinia_admin-v2.7.1/img/a6.jpg]
[webapplayers.com/inspinia_admin-v2.7.1/contacts.html]
[webapplayers.com/inspinia_admin-v2.7.1/css/plugins/iCheck/custom.css]
[webapplayers.com/inspinia_admin-v2.7.1/mailbox.html]
[webapplayers.com/inspinia_admin-v2.7.1/login.html]
[webapplayers.com/inspinia_admin-v2.7.1/index-2.html]
[webapplayers.com/inspinia_admin-v2.7.1/js/plugins/iCheck/icheck.min.js]
[webapplayers.com/inspinia_admin-v2.7.1/js/plugins/flot/jquery.flot.symbol.js]
[webapplayers.com/inspinia_admin-v2.7.1/js/plugins/flot/jquery.flot.time.js]
[webapplayers.com/inspinia_admin-v2.7.1/dashboard_2.html]
[webapplayers.com/inspinia_admin-v2.7.1/js/plugins/easypiechart/jquery.easypiechart.js]
[webapplayers.com/inspinia_admin-v2.7.1/js/plugins/jvectormap/jquery-jvectormap-2.0.2.min.js]
[webapplayers.com/inspinia_admin-v2.7.1/js/plugins/jvectormap/jquery-jvectormap-world-mill-en.js]
[webapplayers.com/inspinia_admin-v2.7.1/dashboard_3.html]
[webapplayers.com/inspinia_admin-v2.7.1/js/plugins/flot/curvedLines.js]
[webapplayers.com/inspinia_admin-v2.7.1/dashboard_4_1.html]
[webapplayers.com/inspinia_admin-v2.7.1/dashboard_5.html]
[webapplayers.com/inspinia_admin-v2.7.1/css/plugins/morris/morris-0.4.3.min.css]
[webapplayers.com/inspinia_admin-v2.7.1/dashboard_4.html]
[webapplayers.com/inspinia_admin-v2.7.1/img/dashboard4_2.jpg]
[webapplayers.com/inspinia_admin-v2.7.1/img/dashboard4_1.jpg]
[webapplayers.com/inspinia_admin-v2.7.1/img/full_height.jpg]
[webapplayers.com/inspinia_admin-v2.7.1/off_canvas_menu.html]
[webapplayers.com/inspinia_admin-v2.7.1/img/off_canvas.jpg]
[webapplayers.com/inspinia_admin-v2.7.1/layouts.html]
[webapplayers.com/inspinia_admin-v2.7.1/js/demo/flot-demo.js]
[webapplayers.com/inspinia_admin-v2.7.1/graph_flot.html]
[webapplayers.com/inspinia_admin-v2.7.1/js/plugins/morris/raphael-2.1.0.min.js]
[webapplayers.com/inspinia_admin-v2.7.1/graph_morris.html]
[webapplayers.com/inspinia_admin-v2.7.1/js/demo/morris-demo.js]
[webapplayers.com/inspinia_admin-v2.7.1/js/plugins/morris/morris.js]
[webapplayers.com/inspinia_admin-v2.7.1/graph_rickshaw.html]
[webapplayers.com/inspinia_admin-v2.7.1/js/demo/rickshaw-demo.js]
[webapplayers.com/inspinia_admin-v2.7.1/js/plugins/rickshaw/rickshaw.min.js]
[webapplayers.com/inspinia_admin-v2.7.1/js/demo/chartjs-demo.js]
[webapplayers.com/inspinia_admin-v2.7.1/graph_chartjs.html]
[webapplayers.com/inspinia_admin-v2.7.1/css/plugins/chartist/chartist.min.css]
[webapplayers.com/inspinia_admin-v2.7.1/graph_chartist.html]
[webapplayers.com/inspinia_admin-v2.7.1/css/plugins/c3/c3.min.css]
[webapplayers.com/inspinia_admin-v2.7.1/js/plugins/rickshaw/vendor/d3.v3.js]
[webapplayers.com/inspinia_admin-v2.7.1/js/plugins/chartist/chartist.min.js]
[webapplayers.com/inspinia_admin-v2.7.1/c3.html]
[webapplayers.com/inspinia_admin-v2.7.1/graph_peity.html]
[webapplayers.com/inspinia_admin-v2.7.1/graph_sparkline.html]
[webapplayers.com/inspinia_admin-v2.7.1/img/p2.jpg]
[webapplayers.com/inspinia_admin-v2.7.1/mail_detail.html]
[webapplayers.com/inspinia_admin-v2.7.1/css/plugins/summernote/summernote.css]
[webapplayers.com/inspinia_admin-v2.7.1/css/plugins/summernote/summernote-bs3.css]
[webapplayers.com/inspinia_admin-v2.7.1/js/plugins/d3/d3.min.js]
[webapplayers.com/inspinia_admin-v2.7.1/js/plugins/c3/c3.min.js]
[webapplayers.com/inspinia_admin-v2.7.1/mail_compose.html]
[webapplayers.com/inspinia_admin-v2.7.1/email_templates/action.html]
[webapplayers.com/inspinia_admin-v2.7.1/img/email_1.jpg]
[webapplayers.com/inspinia_admin-v2.7.1/email_templates/alert.html]
[webapplayers.com/inspinia_admin-v2.7.1/img/email_2.jpg]
[webapplayers.com/inspinia_admin-v2.7.1/js/plugins/summernote/summernote.min.js]
[webapplayers.com/inspinia_admin-v2.7.1/email_templates/billing.html]
[webapplayers.com/inspinia_admin-v2.7.1/img/email_3.jpg]
[webapplayers.com/inspinia_admin-v2.7.1/email_template.html]
[webapplayers.com/inspinia_admin-v2.7.1/metrics.html]
[webapplayers.com/inspinia_admin-v2.7.1/js/plugins/touchpunch/jquery.ui.touch-punch.min.js]
[webapplayers.com/inspinia_admin-v2.7.1/widgets.html]
[webapplayers.com/inspinia_admin-v2.7.1/css/plugins/awesome-bootstrap-checkbox/awesome-bootstrap-checkbox.css]
[webapplayers.com/inspinia_admin-v2.7.1/form_basic.html]
[webapplayers.com/inspinia_admin-v2.7.1/css/plugins/chosen/bootstrap-chosen.css]
[webapplayers.com/inspinia_admin-v2.7.1/css/plugins/bootstrap-tagsinput/bootstrap-tagsinput.css]
[webapplayers.com/inspinia_admin-v2.7.1/css/plugins/colorpicker/bootstrap-colorpicker.min.css]
[webapplayers.com/inspinia_admin-v2.7.1/css/plugins/cropper/cropper.min.css]
[webapplayers.com/inspinia_admin-v2.7.1/css/plugins/switchery/switchery.css]
[webapplayers.com/inspinia_admin-v2.7.1/css/plugins/jasny/jasny-bootstrap.min.css]
[webapplayers.com/inspinia_admin-v2.7.1/css/plugins/nouslider/jquery.nouislider.css]
[webapplayers.com/inspinia_admin-v2.7.1/css/plugins/datapicker/datepicker3.css]
[webapplayers.com/inspinia_admin-v2.7.1/css/plugins/ionRangeSlider/ion.rangeSlider.css]
[webapplayers.com/inspinia_admin-v2.7.1/css/plugins/ionRangeSlider/ion.rangeSlider.skinFlat.css]
[webapplayers.com/inspinia_admin-v2.7.1/css/plugins/clockpicker/clockpicker.css]
[webapplayers.com/inspinia_admin-v2.7.1/css/plugins/daterangepicker/daterangepicker-bs3.css]
[webapplayers.com/inspinia_admin-v2.7.1/css/plugins/select2/select2.min.css]
[webapplayers.com/inspinia_admin-v2.7.1/css/plugins/touchspin/jquery.bootstrap-touchspin.min.css]
[webapplayers.com/inspinia_admin-v2.7.1/css/plugins/dualListbox/bootstrap-duallistbox.min.css]
[webapplayers.com/inspinia_admin-v2.7.1/js/plugins/chosen/chosen.jquery.js]
[webapplayers.com/inspinia_admin-v2.7.1/js/plugins/jsKnob/jquery.knob.js]
[webapplayers.com/inspinia_admin-v2.7.1/js/plugins/jasny/jasny-bootstrap.min.js]
[webapplayers.com/inspinia_admin-v2.7.1/js/plugins/datapicker/bootstrap-datepicker.js]
[webapplayers.com/inspinia_admin-v2.7.1/js/plugins/nouslider/jquery.nouislider.min.js]
[webapplayers.com/inspinia_admin-v2.7.1/js/plugins/switchery/switchery.js]
[webapplayers.com/inspinia_admin-v2.7.1/js/plugins/ionRangeSlider/ion.rangeSlider.min.js]
[webapplayers.com/inspinia_admin-v2.7.1/js/plugins/colorpicker/bootstrap-colorpicker.min.js]
[webapplayers.com/inspinia_admin-v2.7.1/js/plugins/clockpicker/clockpicker.js]
[webapplayers.com/inspinia_admin-v2.7.1/js/plugins/cropper/cropper.min.js]
[webapplayers.com/inspinia_admin-v2.7.1/js/plugins/fullcalendar/moment.min.js]
[webapplayers.com/inspinia_admin-v2.7.1/js/plugins/daterangepicker/daterangepicker.js]
[webapplayers.com/inspinia_admin-v2.7.1/js/plugins/select2/select2.full.min.js]
[webapplayers.com/inspinia_admin-v2.7.1/js/plugins/touchspin/jquery.bootstrap-touchspin.min.js]
[webapplayers.com/inspinia_admin-v2.7.1/js/plugins/bootstrap-tagsinput/bootstrap-tagsinput.js]
[webapplayers.com/inspinia_admin-v2.7.1/form_advanced.html]
[webapplayers.com/inspinia_admin-v2.7.1/js/plugins/dualListbox/jquery.bootstrap-duallistbox.js]
[webapplayers.com/inspinia_admin-v2.7.1/css/plugins/steps/jquery.steps.css]
[webapplayers.com/inspinia_admin-v2.7.1/js/plugins/steps/jquery.steps.min.js]
[webapplayers.com/inspinia_admin-v2.7.1/form_wizard.html]
[webapplayers.com/inspinia_admin-v2.7.1/js/plugins/validate/jquery.validate.min.js]
[webapplayers.com/inspinia_admin-v2.7.1/css/plugins/dropzone/basic.css]
[webapplayers.com/inspinia_admin-v2.7.1/css/plugins/dropzone/dropzone.css]
[webapplayers.com/inspinia_admin-v2.7.1/css/plugins/codemirror/codemirror.css]
[webapplayers.com/inspinia_admin-v2.7.1/js/plugins/dropzone/dropzone.js]
[webapplayers.com/inspinia_admin-v2.7.1/form_file_upload.html]
[webapplayers.com/inspinia_admin-v2.7.1/form_editors.html]
[webapplayers.com/inspinia_admin-v2.7.1/js/plugins/codemirror/mode/xml/xml.js]
[webapplayers.com/inspinia_admin-v2.7.1/form_autocomplete.html]
[webapplayers.com/inspinia_admin-v2.7.1/js/plugins/typehead/bootstrap3-typeahead.min.js]
[webapplayers.com/inspinia_admin-v2.7.1/css/plugins/bootstrap-markdown/bootstrap-markdown.min.css]
[webapplayers.com/inspinia_admin-v2.7.1/form_markdown.html]
[webapplayers.com/inspinia_admin-v2.7.1/js/plugins/bootstrap-markdown/bootstrap-markdown.js]
[webapplayers.com/inspinia_admin-v2.7.1/img/gallery/3.jpg]
[webapplayers.com/inspinia_admin-v2.7.1/profile_2.html]
[webapplayers.com/inspinia_admin-v2.7.1/contacts_2.html]
[webapplayers.com/inspinia_admin-v2.7.1/projects.html]
[webapplayers.com/inspinia_admin-v2.7.1/img/zender_logo.png]
[webapplayers.com/inspinia_admin-v2.7.1/project_detail.html]
[webapplayers.com/inspinia_admin-v2.7.1/activity_stream.html]
[webapplayers.com/inspinia_admin-v2.7.1/teams_board.html]
[webapplayers.com/inspinia_admin-v2.7.1/js/plugins/bootstrap-markdown/markdown.js]
[webapplayers.com/inspinia_admin-v2.7.1/js/plugins/codemirror/codemirror.js]
[webapplayers.com/inspinia_admin-v2.7.1/img/gallery/11.jpg]
[webapplayers.com/inspinia_admin-v2.7.1/social_feed.html]
[webapplayers.com/inspinia_admin-v2.7.1/img/gallery/9.jpg]
[webapplayers.com/inspinia_admin-v2.7.1/clients.html]
[webapplayers.com/inspinia_admin-v2.7.1/css/plugins/codemirror/ambiance.css]
[webapplayers.com/inspinia_admin-v2.7.1/full_height.html]
[webapplayers.com/inspinia_admin-v2.7.1/vote_list.html]
[webapplayers.com/inspinia_admin-v2.7.1/file_manager.html]
[webapplayers.com/inspinia_admin-v2.7.1/css/plugins/fullcalendar/fullcalendar.css]
[webapplayers.com/inspinia_admin-v2.7.1/css/plugins/fullcalendar/fullcalendar.print.css]
[webapplayers.com/inspinia_admin-v2.7.1/js/plugins/fullcalendar/fullcalendar.min.js]
[webapplayers.com/inspinia_admin-v2.7.1/calendar.html]
[webapplayers.com/inspinia_admin-v2.7.1/issue_tracker.html]
[webapplayers.com/inspinia_admin-v2.7.1/blog.html]
[webapplayers.com/inspinia_admin-v2.7.1/article.html]
[webapplayers.com/inspinia_admin-v2.7.1/faq.html]
[webapplayers.com/inspinia_admin-v2.7.1/timeline.html]
[webapplayers.com/inspinia_admin-v2.7.1/pin_board.html]
[webapplayers.com/inspinia_admin-v2.7.1/search_results.html]
[s3.amazonaws.com/uifaces/faces/twitter/ok/128.jpg]
[webapplayers.com/inspinia_admin-v2.7.1/lockscreen.html]
[webapplayers.com/inspinia_admin-v2.7.1/invoice.html]
[webapplayers.com/inspinia_admin-v2.7.1/login_two_columns.html]
[webapplayers.com/inspinia_admin-v2.7.1/forgot_password.html]
[webapplayers.com/inspinia_admin-v2.7.1/register.html]
[webapplayers.com/inspinia_admin-v2.7.1/404.html]
[webapplayers.com/inspinia_admin-v2.7.1/500.html]
[webapplayers.com/inspinia_admin-v2.7.1/empty_page.html]
[webapplayers.com/inspinia_admin-v2.7.1/toastr_notifications.html]
[webapplayers.com/inspinia_admin-v2.7.1/invoice_print.html]
[webapplayers.com/inspinia_admin-v2.7.1/nestable_list.html]
[webapplayers.com/inspinia_admin-v2.7.1/agile_board.html]
[webapplayers.com/inspinia_admin-v2.7.1/timeline_2.html]
[webapplayers.com/inspinia_admin-v2.7.1/js/plugins/nestable/jquery.nestable.js]
[webapplayers.com/inspinia_admin-v2.7.1/js/plugins/diff_match_patch/javascript/diff_match_patch.js]
[webapplayers.com/inspinia_admin-v2.7.1/diff.html]
[webapplayers.com/inspinia_admin-v2.7.1/js/plugins/preetyTextDiff/jquery.pretty-text-diff.min.js]
[webapplayers.com/inspinia_admin-v2.7.1/pdf_viewer.html]
[webapplayers.com/inspinia_admin-v2.7.1/pdf/example.pdf]
[github.com/mozilla/pdf.html]
[webapplayers.com/inspinia_admin-v2.7.1/img/flags/16/United-States.png]
[webapplayers.com/inspinia_admin-v2.7.1/img/flags/16/Spain.png]
[webapplayers.com/inspinia_admin-v2.7.1/img/flags/32/Abkhazia.png]
[webapplayers.com/inspinia_admin-v2.7.1/img/flags/32/Afghanistan.png]
[webapplayers.com/inspinia_admin-v2.7.1/img/flags/32/Aland.png]
[webapplayers.com/inspinia_admin-v2.7.1/img/flags/32/Albania.png]
[webapplayers.com/inspinia_admin-v2.7.1/img/flags/32/Algeria.png]
[webapplayers.com/inspinia_admin-v2.7.1/img/flags/32/American-Samoa.png]
[webapplayers.com/inspinia_admin-v2.7.1/img/flags/32/Andorra.png]
[webapplayers.com/inspinia_admin-v2.7.1/img/flags/32/Angola.png]
[webapplayers.com/inspinia_admin-v2.7.1/img/flags/32/Anguilla.png]
[webapplayers.com/inspinia_admin-v2.7.1/img/flags/32/Antarctica.png]
[webapplayers.com/inspinia_admin-v2.7.1/img/flags/32/Antigua-and-Barbuda.png]
[webapplayers.com/inspinia_admin-v2.7.1/img/flags/32/Argentina.png]
[webapplayers.com/inspinia_admin-v2.7.1/js/plugins/pdfjs/pdf.js]
[webapplayers.com/inspinia_admin-v2.7.1/img/flags/32/Armenia.png]
[webapplayers.com/inspinia_admin-v2.7.1/img/flags/32/Aruba.png]
[webapplayers.com/inspinia_admin-v2.7.1/img/flags/32/Australia.png]
[webapplayers.com/inspinia_admin-v2.7.1/img/flags/32/Austria.png]
[webapplayers.com/inspinia_admin-v2.7.1/img/flags/32/Azerbaijan.png]
[webapplayers.com/inspinia_admin-v2.7.1/img/flags/32/Bahamas.png]
[webapplayers.com/inspinia_admin-v2.7.1/img/flags/32/Bahrain.png]
[webapplayers.com/inspinia_admin-v2.7.1/img/flags/32/Bangladesh.png]
[webapplayers.com/inspinia_admin-v2.7.1/img/flags/32/Barbados.png]
[webapplayers.com/inspinia_admin-v2.7.1/img/flags/32/Basque-Country.png]
[webapplayers.com/inspinia_admin-v2.7.1/img/flags/32/Belarus.png]
[webapplayers.com/inspinia_admin-v2.7.1/img/flags/32/Belgium.png]
[webapplayers.com/inspinia_admin-v2.7.1/img/flags/32/Belize.png]
[webapplayers.com/inspinia_admin-v2.7.1/img/flags/32/Benin.png]
[webapplayers.com/inspinia_admin-v2.7.1/img/flags/32/Bermuda.png]
[webapplayers.com/inspinia_admin-v2.7.1/img/flags/32/Bhutan.png]
[webapplayers.com/inspinia_admin-v2.7.1/img/flags/32/Bolivia.png]
[webapplayers.com/inspinia_admin-v2.7.1/img/flags/32/Bosnia-and-Herzegovina.png]
[webapplayers.com/inspinia_admin-v2.7.1/img/flags/32/Botswana.png]
[webapplayers.com/inspinia_admin-v2.7.1/img/flags/32/Brazil.png]
[webapplayers.com/inspinia_admin-v2.7.1/img/flags/32/British-Antarctic-Territory.png]
[webapplayers.com/inspinia_admin-v2.7.1/img/flags/32/British-Virgin-Islands.png]
[webapplayers.com/inspinia_admin-v2.7.1/img/flags/32/Brunei.png]
[webapplayers.com/inspinia_admin-v2.7.1/img/flags/32/Bulgaria.png]
[webapplayers.com/inspinia_admin-v2.7.1/img/flags/32/Burkina-Faso.png]
[webapplayers.com/inspinia_admin-v2.7.1/img/flags/32/Burundi.png]
[webapplayers.com/inspinia_admin-v2.7.1/img/flags/32/Cambodia.png]
[webapplayers.com/inspinia_admin-v2.7.1/img/flags/32/Cameroon.png]
[webapplayers.com/inspinia_admin-v2.7.1/img/flags/32/Canada.png]
[webapplayers.com/inspinia_admin-v2.7.1/img/flags/32/Canary-Islands.png]
[webapplayers.com/inspinia_admin-v2.7.1/img/flags/32/Cape-Verde.png]
[webapplayers.com/inspinia_admin-v2.7.1/img/flags/32/Cayman-Islands.png]
[webapplayers.com/inspinia_admin-v2.7.1/img/flags/32/Central-African-Republic.png]
[webapplayers.com/inspinia_admin-v2.7.1/img/flags/32/Chad.png]
[webapplayers.com/inspinia_admin-v2.7.1/img/flags/32/Chile.png]
[webapplayers.com/inspinia_admin-v2.7.1/img/flags/32/China.png]
[webapplayers.com/inspinia_admin-v2.7.1/img/flags/32/Christmas-Island.png]
[webapplayers.com/inspinia_admin-v2.7.1/img/flags/32/Cocos-Keeling-Islands.png]
[webapplayers.com/inspinia_admin-v2.7.1/img/flags/32/Colombia.png]
[webapplayers.com/inspinia_admin-v2.7.1/img/flags/32/Commonwealth.png]
[webapplayers.com/inspinia_admin-v2.7.1/img/flags/32/Comoros.png]
[webapplayers.com/inspinia_admin-v2.7.1/img/flags/32/Cook-Islands.png]
[webapplayers.com/inspinia_admin-v2.7.1/img/flags/32/Costa-Rica.png]
[webapplayers.com/inspinia_admin-v2.7.1/img/flags/32/Cote-dIvoire.png]
[webapplayers.com/inspinia_admin-v2.7.1/img/flags/32/Croatia.png]
[webapplayers.com/inspinia_admin-v2.7.1/img/flags/32/Cuba.png]
[webapplayers.com/inspinia_admin-v2.7.1/img/flags/32/Curacao.png]
[webapplayers.com/inspinia_admin-v2.7.1/img/flags/32/Cyprus.png]
[webapplayers.com/inspinia_admin-v2.7.1/img/flags/32/Czech-Republic.png]
[webapplayers.com/inspinia_admin-v2.7.1/img/flags/32/Democratic-Republic-of-the-Congo.png]
[webapplayers.com/inspinia_admin-v2.7.1/img/flags/32/Denmark.png]
[webapplayers.com/inspinia_admin-v2.7.1/img/flags/32/Djibouti.png]
[webapplayers.com/inspinia_admin-v2.7.1/img/flags/32/Dominica.png]
[webapplayers.com/inspinia_admin-v2.7.1/img/flags/32/Dominican-Republic.png]
[webapplayers.com/inspinia_admin-v2.7.1/img/flags/32/East-Timor.png]
[webapplayers.com/inspinia_admin-v2.7.1/img/flags/32/Ecuador.png]
[webapplayers.com/inspinia_admin-v2.7.1/img/flags/32/Egypt.png]
[webapplayers.com/inspinia_admin-v2.7.1/img/flags/32/El-Salvador.png]
[webapplayers.com/inspinia_admin-v2.7.1/img/flags/32/England.png]
[webapplayers.com/inspinia_admin-v2.7.1/img/flags/32/Equatorial-Guinea.png]
[webapplayers.com/inspinia_admin-v2.7.1/img/flags/32/Eritrea.png]
[webapplayers.com/inspinia_admin-v2.7.1/img/flags/32/Estonia.png]
[webapplayers.com/inspinia_admin-v2.7.1/img/flags/32/Ethiopia.png]
[webapplayers.com/inspinia_admin-v2.7.1/img/flags/32/European-Union.png]
[webapplayers.com/inspinia_admin-v2.7.1/img/flags/32/Falkland-Islands.png]
[webapplayers.com/inspinia_admin-v2.7.1/img/flags/32/Faroes.png]
[webapplayers.com/inspinia_admin-v2.7.1/img/flags/32/Fiji.png]
[webapplayers.com/inspinia_admin-v2.7.1/img/flags/32/Finland.png]
[webapplayers.com/inspinia_admin-v2.7.1/img/flags/32/France.png]
[webapplayers.com/inspinia_admin-v2.7.1/img/flags/32/French-Polynesia.png]
[webapplayers.com/inspinia_admin-v2.7.1/img/flags/32/French-Southern-Territories.png]
[webapplayers.com/inspinia_admin-v2.7.1/img/flags/32/Gabon.png]
[webapplayers.com/inspinia_admin-v2.7.1/img/flags/32/Gambia.png]
[webapplayers.com/inspinia_admin-v2.7.1/img/flags/32/Georgia.png]
[webapplayers.com/inspinia_admin-v2.7.1/img/flags/32/Germany.png]
[webapplayers.com/inspinia_admin-v2.7.1/img/flags/32/Ghana.png]
[webapplayers.com/inspinia_admin-v2.7.1/img/flags/32/Gibraltar.png]
[webapplayers.com/inspinia_admin-v2.7.1/img/flags/32/GoSquared.png]
[webapplayers.com/inspinia_admin-v2.7.1/img/flags/32/Greece.png]
[webapplayers.com/inspinia_admin-v2.7.1/img/flags/32/Greenland.png]
[webapplayers.com/inspinia_admin-v2.7.1/img/flags/32/Grenada.png]
[webapplayers.com/inspinia_admin-v2.7.1/img/flags/32/Guam.png]
[webapplayers.com/inspinia_admin-v2.7.1/img/flags/32/Guatemala.png]
[webapplayers.com/inspinia_admin-v2.7.1/img/flags/32/Guernsey.png]
[webapplayers.com/inspinia_admin-v2.7.1/img/flags/32/Guinea-Bissau.png]
[webapplayers.com/inspinia_admin-v2.7.1/img/flags/32/Guinea.png]
[webapplayers.com/inspinia_admin-v2.7.1/img/flags/32/Guyana.png]
[webapplayers.com/inspinia_admin-v2.7.1/img/flags/32/Haiti.png]
[webapplayers.com/inspinia_admin-v2.7.1/img/flags/32/Honduras.png]
[webapplayers.com/inspinia_admin-v2.7.1/img/flags/32/Hong-Kong.png]
[webapplayers.com/inspinia_admin-v2.7.1/img/flags/32/Hungary.png]
[webapplayers.com/inspinia_admin-v2.7.1/img/flags/32/Iceland.png]
[webapplayers.com/inspinia_admin-v2.7.1/img/flags/32/India.png]
[webapplayers.com/inspinia_admin-v2.7.1/img/flags/32/Indonesia.png]
[webapplayers.com/inspinia_admin-v2.7.1/img/flags/32/Iran.png]
[webapplayers.com/inspinia_admin-v2.7.1/img/flags/32/Iraq.png]
[webapplayers.com/inspinia_admin-v2.7.1/img/flags/32/Ireland.png]
[webapplayers.com/inspinia_admin-v2.7.1/img/flags/32/Isle-of-Man.png]
[webapplayers.com/inspinia_admin-v2.7.1/img/flags/32/Israel.png]
[webapplayers.com/inspinia_admin-v2.7.1/img/flags/32/Italy.png]
[webapplayers.com/inspinia_admin-v2.7.1/img/flags/32/Jamaica.png]
[webapplayers.com/inspinia_admin-v2.7.1/img/flags/32/Japan.png]
[webapplayers.com/inspinia_admin-v2.7.1/img/flags/32/Jersey.png]
[webapplayers.com/inspinia_admin-v2.7.1/img/flags/32/Jordan.png]
[webapplayers.com/inspinia_admin-v2.7.1/img/flags/32/Kazakhstan.png]
[webapplayers.com/inspinia_admin-v2.7.1/img/flags/32/Kenya.png]
[webapplayers.com/inspinia_admin-v2.7.1/img/flags/32/Kiribati.png]
[webapplayers.com/inspinia_admin-v2.7.1/img/flags/32/Kosovo.png]
[webapplayers.com/inspinia_admin-v2.7.1/img/flags/32/Kuwait.png]
[webapplayers.com/inspinia_admin-v2.7.1/img/flags/32/Kyrgyzstan.png]
[webapplayers.com/inspinia_admin-v2.7.1/img/flags/32/Laos.png]
[webapplayers.com/inspinia_admin-v2.7.1/img/flags/32/Latvia.png]
[webapplayers.com/inspinia_admin-v2.7.1/img/flags/32/Lebanon.png]
[webapplayers.com/inspinia_admin-v2.7.1/img/flags/32/Lesotho.png]
[webapplayers.com/inspinia_admin-v2.7.1/img/flags/32/Liberia.png]
[webapplayers.com/inspinia_admin-v2.7.1/img/flags/32/Libya.png]
[webapplayers.com/inspinia_admin-v2.7.1/img/flags/32/Liechtenstein.png]
[webapplayers.com/inspinia_admin-v2.7.1/img/flags/32/Lithuania.png]
[webapplayers.com/inspinia_admin-v2.7.1/img/flags/32/Luxembourg.png]
[webapplayers.com/inspinia_admin-v2.7.1/img/flags/32/Macau.png]
[webapplayers.com/inspinia_admin-v2.7.1/img/flags/32/Macedonia.png]
[webapplayers.com/inspinia_admin-v2.7.1/img/flags/32/Madagascar.png]
[webapplayers.com/inspinia_admin-v2.7.1/img/flags/32/Malawi.png]
[webapplayers.com/inspinia_admin-v2.7.1/img/flags/32/Malaysia.png]
[webapplayers.com/inspinia_admin-v2.7.1/img/flags/32/Maldives.png]
[webapplayers.com/inspinia_admin-v2.7.1/img/flags/32/Mali.png]
[webapplayers.com/inspinia_admin-v2.7.1/img/flags/32/Malta.png]
[webapplayers.com/inspinia_admin-v2.7.1/img/flags/32/Mars.png]
[webapplayers.com/inspinia_admin-v2.7.1/img/flags/32/Marshall-Islands.png]
[webapplayers.com/inspinia_admin-v2.7.1/img/flags/32/Martinique.png]
[webapplayers.com/inspinia_admin-v2.7.1/img/flags/32/Mauritania.png]
[webapplayers.com/inspinia_admin-v2.7.1/img/flags/32/Mauritius.png]
[webapplayers.com/inspinia_admin-v2.7.1/img/flags/32/Mayotte.png]
[webapplayers.com/inspinia_admin-v2.7.1/img/flags/32/Mexico.png]
[webapplayers.com/inspinia_admin-v2.7.1/img/flags/32/Micronesia.png]
[webapplayers.com/inspinia_admin-v2.7.1/img/flags/32/Moldova.png]
[webapplayers.com/inspinia_admin-v2.7.1/img/flags/32/Monaco.png]
[webapplayers.com/inspinia_admin-v2.7.1/img/flags/32/Mongolia.png]
[webapplayers.com/inspinia_admin-v2.7.1/img/flags/32/Montenegro.png]
[webapplayers.com/inspinia_admin-v2.7.1/img/flags/32/Montserrat.png]
[webapplayers.com/inspinia_admin-v2.7.1/img/flags/32/Morocco.png]
[webapplayers.com/inspinia_admin-v2.7.1/img/flags/32/Mozambique.png]
[webapplayers.com/inspinia_admin-v2.7.1/img/flags/32/Myanmar.png]
[webapplayers.com/inspinia_admin-v2.7.1/img/flags/32/NATO.png]
[webapplayers.com/inspinia_admin-v2.7.1/img/flags/32/Nagorno-Karabakh.png]
[webapplayers.com/inspinia_admin-v2.7.1/img/flags/32/Namibia.png]
[webapplayers.com/inspinia_admin-v2.7.1/img/flags/32/Nauru.png]
[webapplayers.com/inspinia_admin-v2.7.1/img/flags/32/Nepal.png]
[webapplayers.com/inspinia_admin-v2.7.1/img/flags/32/Netherlands-Antilles.png]
[webapplayers.com/inspinia_admin-v2.7.1/img/flags/32/Netherlands.png]
[webapplayers.com/inspinia_admin-v2.7.1/img/flags/32/New-Caledonia.png]
[webapplayers.com/inspinia_admin-v2.7.1/img/flags/32/New-Zealand.png]
[webapplayers.com/inspinia_admin-v2.7.1/img/flags/32/Nicaragua.png]
[webapplayers.com/inspinia_admin-v2.7.1/img/flags/32/Niger.png]
[webapplayers.com/inspinia_admin-v2.7.1/img/flags/32/Nigeria.png]
[webapplayers.com/inspinia_admin-v2.7.1/img/flags/32/Niue.png]
[webapplayers.com/inspinia_admin-v2.7.1/img/flags/32/Norfolk-Island.png]
[webapplayers.com/inspinia_admin-v2.7.1/img/flags/32/North-Korea.png]
[webapplayers.com/inspinia_admin-v2.7.1/img/flags/32/Northern-Cyprus.png]
[webapplayers.com/inspinia_admin-v2.7.1/img/flags/32/Northern-Mariana-Islands.png]
[webapplayers.com/inspinia_admin-v2.7.1/img/flags/32/Norway.png]
[webapplayers.com/inspinia_admin-v2.7.1/img/flags/32/Olympics.png]
[webapplayers.com/inspinia_admin-v2.7.1/img/flags/32/Oman.png]
[webapplayers.com/inspinia_admin-v2.7.1/img/flags/32/Pakistan.png]
[webapplayers.com/inspinia_admin-v2.7.1/img/flags/32/Palau.png]
[webapplayers.com/inspinia_admin-v2.7.1/img/flags/32/Palestine.png]
[webapplayers.com/inspinia_admin-v2.7.1/img/flags/32/Panama.png]
[webapplayers.com/inspinia_admin-v2.7.1/img/flags/32/Papua-New-Guinea.png]
[webapplayers.com/inspinia_admin-v2.7.1/img/flags/32/Paraguay.png]
[webapplayers.com/inspinia_admin-v2.7.1/img/flags/32/Peru.png]
[webapplayers.com/inspinia_admin-v2.7.1/img/flags/32/Philippines.png]
[webapplayers.com/inspinia_admin-v2.7.1/img/flags/32/Pitcairn-Islands.png]
[webapplayers.com/inspinia_admin-v2.7.1/img/flags/32/Poland.png]
[webapplayers.com/inspinia_admin-v2.7.1/img/flags/32/Portugal.png]
[webapplayers.com/inspinia_admin-v2.7.1/img/flags/32/Puerto-Rico.png]
[webapplayers.com/inspinia_admin-v2.7.1/img/flags/32/Qatar.png]
[webapplayers.com/inspinia_admin-v2.7.1/img/flags/32/Red-Cross.png]
[webapplayers.com/inspinia_admin-v2.7.1/img/flags/32/Republic-of-the-Congo.png]
[webapplayers.com/inspinia_admin-v2.7.1/img/flags/32/Romania.png]
[webapplayers.com/inspinia_admin-v2.7.1/img/flags/32/Russia.png]
[webapplayers.com/inspinia_admin-v2.7.1/img/flags/32/Rwanda.png]
[webapplayers.com/inspinia_admin-v2.7.1/img/flags/32/Saint-Barthelemy.png]
[webapplayers.com/inspinia_admin-v2.7.1/img/flags/32/Saint-Helena.png]
[webapplayers.com/inspinia_admin-v2.7.1/img/flags/32/Saint-Kitts-and-Nevis.png]
[webapplayers.com/inspinia_admin-v2.7.1/img/flags/32/Saint-Lucia.png]
[webapplayers.com/inspinia_admin-v2.7.1/img/flags/32/Saint-Martin.png]
[webapplayers.com/inspinia_admin-v2.7.1/img/flags/32/Saint-Vincent-and-the-Grenadines.png]
[webapplayers.com/inspinia_admin-v2.7.1/img/flags/32/Samoa.png]
[webapplayers.com/inspinia_admin-v2.7.1/img/flags/32/San-Marino.png]
[webapplayers.com/inspinia_admin-v2.7.1/img/flags/32/Sao-Tome-and-Principe.png]
[webapplayers.com/inspinia_admin-v2.7.1/img/flags/32/Saudi-Arabia.png]
[webapplayers.com/inspinia_admin-v2.7.1/img/flags/32/Scotland.png]
[webapplayers.com/inspinia_admin-v2.7.1/img/flags/32/Senegal.png]
[webapplayers.com/inspinia_admin-v2.7.1/img/flags/32/Serbia.png]
[webapplayers.com/inspinia_admin-v2.7.1/img/flags/32/Seychelles.png]
[webapplayers.com/inspinia_admin-v2.7.1/img/flags/32/Sierra-Leone.png]
[webapplayers.com/inspinia_admin-v2.7.1/img/flags/32/Singapore.png]
[webapplayers.com/inspinia_admin-v2.7.1/img/flags/32/Slovakia.png]
[webapplayers.com/inspinia_admin-v2.7.1/img/flags/32/Slovenia.png]
[webapplayers.com/inspinia_admin-v2.7.1/img/flags/32/Solomon-Islands.png]
[webapplayers.com/inspinia_admin-v2.7.1/img/flags/32/Somalia.png]
[webapplayers.com/inspinia_admin-v2.7.1/img/flags/32/Somaliland.png]
[webapplayers.com/inspinia_admin-v2.7.1/img/flags/32/South-Africa.png]
[webapplayers.com/inspinia_admin-v2.7.1/img/flags/32/South-Georgia-and-the-South-Sandwich-Islands.png]
[webapplayers.com/inspinia_admin-v2.7.1/img/flags/32/South-Korea.png]
[webapplayers.com/inspinia_admin-v2.7.1/img/flags/32/South-Ossetia.png]
[webapplayers.com/inspinia_admin-v2.7.1/img/flags/32/South-Sudan.png]
[webapplayers.com/inspinia_admin-v2.7.1/img/flags/32/Spain.png]
[webapplayers.com/inspinia_admin-v2.7.1/img/flags/32/Sri-Lanka.png]
[webapplayers.com/inspinia_admin-v2.7.1/img/flags/32/Sudan.png]
[webapplayers.com/inspinia_admin-v2.7.1/img/flags/32/Suriname.png]
[webapplayers.com/inspinia_admin-v2.7.1/img/flags/32/Swaziland.png]
[webapplayers.com/inspinia_admin-v2.7.1/img/flags/32/Sweden.png]
[webapplayers.com/inspinia_admin-v2.7.1/img/flags/32/Switzerland.png]
[webapplayers.com/inspinia_admin-v2.7.1/img/flags/32/Syria.png]
[webapplayers.com/inspinia_admin-v2.7.1/img/flags/32/Taiwan.png]
[webapplayers.com/inspinia_admin-v2.7.1/img/flags/32/Tajikistan.png]
[webapplayers.com/inspinia_admin-v2.7.1/img/flags/32/Tanzania.png]
[webapplayers.com/inspinia_admin-v2.7.1/img/flags/32/Thailand.png]
[webapplayers.com/inspinia_admin-v2.7.1/img/flags/32/Togo.png]
[webapplayers.com/inspinia_admin-v2.7.1/img/flags/32/Tokelau.png]
[webapplayers.com/inspinia_admin-v2.7.1/img/flags/32/Tonga.png]
[webapplayers.com/inspinia_admin-v2.7.1/img/flags/32/Trinidad-and-Tobago.png]
[webapplayers.com/inspinia_admin-v2.7.1/img/flags/32/Tunisia.png]
[webapplayers.com/inspinia_admin-v2.7.1/img/flags/32/Turkey.png]
[webapplayers.com/inspinia_admin-v2.7.1/img/flags/32/Turkmenistan.png]
[webapplayers.com/inspinia_admin-v2.7.1/img/flags/32/Turks-and-Caicos-Islands.png]
[webapplayers.com/inspinia_admin-v2.7.1/img/flags/32/Tuvalu.png]
[webapplayers.com/inspinia_admin-v2.7.1/img/flags/32/US-Virgin-Islands.png]
[webapplayers.com/inspinia_admin-v2.7.1/img/flags/32/Uganda.png]
[webapplayers.com/inspinia_admin-v2.7.1/img/flags/32/Ukraine.png]
[webapplayers.com/inspinia_admin-v2.7.1/img/flags/32/United-Arab-Emirates.png]
[webapplayers.com/inspinia_admin-v2.7.1/img/flags/32/United-Kingdom.png]
[webapplayers.com/inspinia_admin-v2.7.1/img/flags/32/United-Nations.png]
[webapplayers.com/inspinia_admin-v2.7.1/img/flags/32/United-States.png]
[webapplayers.com/inspinia_admin-v2.7.1/img/flags/32/Unknown.png]
[webapplayers.com/inspinia_admin-v2.7.1/img/flags/32/Uruguay.png]
[webapplayers.com/inspinia_admin-v2.7.1/img/flags/32/Uzbekistan.png]
[webapplayers.com/inspinia_admin-v2.7.1/img/flags/32/Vanuatu.png]
[webapplayers.com/inspinia_admin-v2.7.1/img/flags/32/Vatican-City.png]
[webapplayers.com/inspinia_admin-v2.7.1/img/flags/32/Venezuela.png]
[webapplayers.com/inspinia_admin-v2.7.1/img/flags/32/Vietnam.png]
[webapplayers.com/inspinia_admin-v2.7.1/img/flags/32/Wales.png]
[webapplayers.com/inspinia_admin-v2.7.1/img/flags/32/Wallis-And-Futuna.png]
[webapplayers.com/inspinia_admin-v2.7.1/img/flags/32/Western-Sahara.png]
[webapplayers.com/inspinia_admin-v2.7.1/img/flags/32/Yemen.png]
[webapplayers.com/inspinia_admin-v2.7.1/img/flags/32/Zambia.png]
[webapplayers.com/inspinia_admin-v2.7.1/img/flags/32/Zimbabwe.png]
[webapplayers.com/inspinia_admin-v2.7.1/i18support.html]
[webapplayers.com/inspinia_admin-v2.7.1/js/plugins/i18next/i18next.min.js]
[webapplayers.com/inspinia_admin-v2.7.1/css/plugins/sweetalert/sweetalert.css]
[webapplayers.com/inspinia_admin-v2.7.1/sweetalert.html]
[webapplayers.com/inspinia_admin-v2.7.1/js/plugins/sweetalert/sweetalert.min.js]
[webapplayers.com/inspinia_admin-v2.7.1/idle_timer.html]
[webapplayers.com/inspinia_admin-v2.7.1/js/plugins/idle-timer/idle-timer.min.js]
[webapplayers.com/inspinia_admin-v2.7.1/css/plugins/ladda/ladda-themeless.min.css]
[webapplayers.com/inspinia_admin-v2.7.1/truncate.html]
[webapplayers.com/inspinia_admin-v2.7.1/js/plugins/dotdotdot/jquery.dotdotdot.min.js]
[webapplayers.com/inspinia_admin-v2.7.1/css/plugins/textSpinners/spinners.css]
[webapplayers.com/inspinia_admin-v2.7.1/js/plugins/pwstrength/pwstrength-bootstrap.min.js]
[webapplayers.com/inspinia_admin-v2.7.1/password_meter.html]
[webapplayers.com/inspinia_admin-v2.7.1/spinners.html]
[webapplayers.com/inspinia_admin-v2.7.1/spinners_usage.html]
[webapplayers.com/inspinia_admin-v2.7.1/tinycon.html]
[webapplayers.com/inspinia_admin-v2.7.1/google_maps.html]
[webapplayers.com/inspinia_admin-v2.7.1/js/plugins/tinycon/tinycon.min.js]
[webapplayers.com/inspinia_admin-v2.7.1/datamaps.html]
[webapplayers.com/inspinia_admin-v2.7.1/js/plugins/topojson/topojson.js]
[webapplayers.com/inspinia_admin-v2.7.1/social_buttons.html]
[webapplayers.com/inspinia_admin-v2.7.1/css/plugins/bootstrapSocial/bootstrap-social.css]
[webapplayers.com/inspinia_admin-v2.7.1/code_editor.html]
[webapplayers.com/inspinia_admin-v2.7.1/modal_window.html]
[webapplayers.com/inspinia_admin-v2.7.1/js/plugins/clipboard/clipboard.min.js]
[webapplayers.com/inspinia_admin-v2.7.1/clipboard.html]
[webapplayers.com/inspinia_admin-v2.7.1/text_spinners.html]
[webapplayers.com/inspinia_admin-v2.7.1/js/plugins/codemirror/mode/javascript/javascript.js]
[webapplayers.com/inspinia_admin-v2.7.1/forum_main.html]
[webapplayers.com/inspinia_admin-v2.7.1/validation.html]
[webapplayers.com/inspinia_admin-v2.7.1/forum_post.html]
[webapplayers.com/inspinia_admin-v2.7.1/css/plugins/jsTree/style.min.css]
[webapplayers.com/inspinia_admin-v2.7.1/js/plugins/datamaps/datamaps.all.min.js]
[webapplayers.com/inspinia_admin-v2.7.1/tree_view.html]
[webapplayers.com/inspinia_admin-v2.7.1/js/plugins/ladda/spin.min.js]
[webapplayers.com/inspinia_admin-v2.7.1/js/plugins/ladda/ladda.min.js]
[webapplayers.com/inspinia_admin-v2.7.1/loading_buttons.html]
[webapplayers.com/inspinia_admin-v2.7.1/chat_view.html]
[webapplayers.com/inspinia_admin-v2.7.1/js/plugins/ladda/ladda.jquery.min.js]
[webapplayers.com/inspinia_admin-v2.7.1/js/plugins/jsTree/jstree.min.js]
[webapplayers.com/inspinia_admin-v2.7.1/masonry.html]
[webapplayers.com/inspinia_admin-v2.7.1/js/plugins/masonary/masonry.pkgd.min.js]
[webapplayers.com/inspinia_admin-v2.7.1/css/plugins/bootstrapTour/bootstrap-tour.min.css]
[webapplayers.com/inspinia_admin-v2.7.1/tour.html]
[webapplayers.com/inspinia_admin-v2.7.1/typography.html]
[webapplayers.com/inspinia_admin-v2.7.1/icons.html]
[webapplayers.com/inspinia_admin-v2.7.1/draggable_panels.html]
[webapplayers.com/inspinia_admin-v2.7.1/js/jquery-2.1.1.js]
[webapplayers.com/inspinia_admin-v2.7.1/js/plugins/bootstrapTour/bootstrap-tour.min.js]
[webapplayers.com/inspinia_admin-v2.7.1/resizeable_panels.html]
[webapplayers.com/inspinia_admin-v2.7.1/buttons.html]
[webapplayers.com/inspinia_admin-v2.7.1/css/plugins/jQueryUI/jquery-ui.css]
[webapplayers.com/inspinia_admin-v2.7.1/video.html]
[webapplayers.com/inspinia_admin-v2.7.1/tabs_panels.html]
[webapplayers.com/inspinia_admin-v2.7.1/tabs.html]
[webapplayers.com/inspinia_admin-v2.7.1/notifications.html]
[webapplayers.com/inspinia_admin-v2.7.1/helper_classes.html]
[webapplayers.com/inspinia_admin-v2.7.1/badges_labels.html]
[webapplayers.com/inspinia_admin-v2.7.1/grid_options.html]
[webapplayers.com/inspinia_admin-v2.7.1/table_basic.html]
[webapplayers.com/inspinia_admin-v2.7.1/js/plugins/video/responsible-video.js]
[webapplayers.com/inspinia_admin-v2.7.1/css/plugins/dataTables/datatables.min.css]
[webapplayers.com/inspinia_admin-v2.7.1/table_data_tables.html]
[webapplayers.com/inspinia_admin-v2.7.1/css/plugins/footable/footable.core.css]
[webapplayers.com/inspinia_admin-v2.7.1/table_foo_table.html]
[webapplayers.com/inspinia_admin-v2.7.1/css/plugins/jQueryUI/jquery-ui-1.10.4.custom.min.css]
[webapplayers.com/inspinia_admin-v2.7.1/js/plugins/footable/footable.all.min.js]
[webapplayers.com/inspinia_admin-v2.7.1/css/plugins/jqGrid/ui.jqgrid.css]
[webapplayers.com/inspinia_admin-v2.7.1/js/plugins/jqGrid/i18n/grid.locale-en.js]
[webapplayers.com/inspinia_admin-v2.7.1/jq_grid.html]
[webapplayers.com/inspinia_admin-v2.7.1/ecommerce_products_grid.html]
[webapplayers.com/inspinia_admin-v2.7.1/ecommerce_product_list.html]
[webapplayers.com/inspinia_admin-v2.7.1/img/gallery/2s.jpg]
[mydomain.com/images/image1.247.delayed]
[webapplayers.com/inspinia_admin-v2.7.1/img/gallery/1s.jpg]
[mydomain.com/images/image2.249.delayed]
[webapplayers.com/inspinia_admin-v2.7.1/img/gallery/3s.jpg]
[webapplayers.com/inspinia_admin-v2.7.1/js/plugins/jqGrid/jquery.jqGrid.min.js]
[mydomain.com/images/image3.24b.delayed]
[webapplayers.com/inspinia_admin-v2.7.1/img/gallery/4s.jpg]
[mydomain.com/images/image4.png]
[webapplayers.com/inspinia_admin-v2.7.1/img/gallery/5s.jpg]
[mydomain.com/images/image5.24f.delayed]
[webapplayers.com/inspinia_admin-v2.7.1/img/gallery/6s.jpg]
[mydomain.com/images/image6.png]
[webapplayers.com/inspinia_admin-v2.7.1/img/gallery/7s.jpg]
[webapplayers.com/inspinia_admin-v2.7.1/js/plugins/pwstrength/zxcvbn.js]
[mydomain.com/images/image7.253.delayed]
[webapplayers.com/inspinia_admin-v2.7.1/ecommerce_product.html]
[webapplayers.com/inspinia_admin-v2.7.1/css/plugins/slick/slick.css]
[webapplayers.com/inspinia_admin-v2.7.1/css/plugins/slick/slick-theme.css]
[webapplayers.com/inspinia_admin-v2.7.1/ecommerce_product_detail.html]
[webapplayers.com/inspinia_admin-v2.7.1/ecommerce-cart.html]
[webapplayers.com/inspinia_admin-v2.7.1/ecommerce-orders.html]
[webapplayers.com/inspinia_admin-v2.7.1/ecommerce_payments.html]
[webapplayers.com/inspinia_admin-v2.7.1/css/plugins/blueimp/css/blueimp-gallery.min.css]
[webapplayers.com/inspinia_admin-v2.7.1/js/plugins/slick/slick.min.js]
[webapplayers.com/inspinia_admin-v2.7.1/img/gallery/1.jpg]
[webapplayers.com/inspinia_admin-v2.7.1/img/gallery/2.jpg]
[webapplayers.com/inspinia_admin-v2.7.1/img/gallery/4.jpg]
[webapplayers.com/inspinia_admin-v2.7.1/js/plugins/dataTables/datatables.min.js]
[webapplayers.com/inspinia_admin-v2.7.1/img/gallery/5.jpg]
[webapplayers.com/inspinia_admin-v2.7.1/img/gallery/6.jpg]
[webapplayers.com/inspinia_admin-v2.7.1/img/gallery/7.jpg]
[webapplayers.com/inspinia_admin-v2.7.1/img/gallery/8.jpg]
[webapplayers.com/inspinia_admin-v2.7.1/img/gallery/8s.jpg]
[webapplayers.com/inspinia_admin-v2.7.1/img/gallery/9s.jpg]
[webapplayers.com/inspinia_admin-v2.7.1/img/gallery/10.jpg]
[webapplayers.com/inspinia_admin-v2.7.1/img/gallery/10s.jpg]
[webapplayers.com/inspinia_admin-v2.7.1/img/gallery/12.jpg]
[webapplayers.com/inspinia_admin-v2.7.1/img/gallery/12s.jpg]
[webapplayers.com/inspinia_admin-v2.7.1/img/gallery/11s.jpg]
[webapplayers.com/inspinia_admin-v2.7.1/js/plugins/blueimp/jquery.blueimp-gallery.min.js]
[webapplayers.com/inspinia_admin-v2.7.1/basic_gallery.html]
[webapplayers.com/inspinia_admin-v2.7.1/slick_carousel.html]
[webapplayers.com/inspinia_admin-v2.7.1/img/p_big3.jpg]
[webapplayers.com/inspinia_admin-v2.7.1/img/p_big1.jpg]
[webapplayers.com/inspinia_admin-v2.7.1/img/p_big2.jpg]
[webapplayers.com/inspinia_admin-v2.7.1/carousel.html]
[webapplayers.com/inspinia_admin-v2.7.1/css_animation.html]
[webapplayers.com/inspinia_admin-v2.7.1/font-awesome/css/font-awesome.min.css]
[webapplayers.com/inspinia_admin-v2.7.1/img/landing/laptop.png]
[webapplayers.com/inspinia_admin-v2.7.1/img/landing/perspective.png]
[webapplayers.com/inspinia_admin-v2.7.1/img/landing/dashboard.png]
[webapplayers.com/inspinia_admin-v2.7.1/img/landing/avatar3.jpg]
[webapplayers.com/inspinia_admin-v2.7.1/img/landing/avatar1.jpg]
[webapplayers.com/inspinia_admin-v2.7.1/img/landing/avatar2.jpg]
[webapplayers.com/inspinia_admin-v2.7.1/img/landing/iphone.jpg]
[webapplayers.com/inspinia_admin-v2.7.1/js/plugins/wow/wow.min.js]
[webapplayers.com/inspinia_admin-v2.7.1/landing.html]
[webapplayers.com/inspinia_admin-v2.7.1/img/angular_logo.png]
[webapplayers.com/inspinia_admin-v2.7.1/img/mvc_logo.png]
[webapplayers.com/inspinia_admin-v2.7.1/Angular/index.html]
[webapplayers.com/inspinia_admin-v2.7.1/img/meteor_logo.png]
[webapplayers.com/inspinia_admin-v2.7.1/img/html_logo.png]
[webapplayers.com/inspinia_admin-v2.7.1/img/rails_logo.png]
[webapplayers.com/inspinia_admin-v2.7.1/package.html]
[webapplayers.com/inspinia_admin-v2.7.1/fonts/glyphicons-halflings-regular.svg]
[webapplayers.com/inspinia_admin-v2.7.1/font-awesome/fonts/fontawesome-webfont3e6e.svg]
[webapplayers.com/inspinia_admin-v2.7.1/css/plugins/iCheck/green.png]
[webapplayers.com/inspinia_admin-v2.7.1/css/plugins/iCheck/green@2x.png]
[webapplayers.com/inspinia_admin-v2.7.1/css/plugins/iCheck/custom.css]
[webapplayers.com/inspinia_admin-v2.7.1/css/plugins/morris/morris-0.4.3.min.css]
[webapplayers.com/inspinia_admin-v2.7.1/dashboard_4.html]
[webapplayers.com/inspinia_admin-v2.7.1/off_canvas_menu.html]
[webapplayers.com/inspinia_admin-v2.7.1/css/plugins/chartist/chartist.min.css]
[webapplayers.com/inspinia_admin-v2.7.1/css/plugins/c3/c3.min.css]
[webapplayers.com/inspinia_admin-v2.7.1/css/plugins/summernote/font/summernote6659.eot]
[webapplayers.com/inspinia_admin-v2.7.1/css/plugins/summernote/font/summernoted41d.eot]
[webapplayers.com/inspinia_admin-v2.7.1/css/plugins/summernote/font/summernote6659.woff]
[webapplayers.com/inspinia_admin-v2.7.1/css/plugins/summernote/font/summernote6659.ttf]
[webapplayers.com/inspinia_admin-v2.7.1/css/plugins/summernote/summernote.css]
[webapplayers.com/inspinia_admin-v2.7.1/css/plugins/summernote/summernote-bs3.css]
[webapplayers.com/inspinia_admin-v2.7.1/email_templates/styles.css]
[webapplayers.com/inspinia_admin-v2.7.1/email_templates/img/header.jpg]
[webapplayers.com/inspinia_admin-v2.7.1/email_templates/action.html]
[webapplayers.com/inspinia_admin-v2.7.1/email_templates/alert.html]
[webapplayers.com/inspinia_admin-v2.7.1/email_templates/billing.html]
[webapplayers.com/inspinia_admin-v2.7.1/css/plugins/awesome-bootstrap-checkbox/awesome-bootstrap-checkbox.css]
[webapplayers.com/inspinia_admin-v2.7.1/css/plugins/chosen/chosen-sprite.png]
[webapplayers.com/inspinia_admin-v2.7.1/css/plugins/chosen/chosen-sprite@2x.png]
[webapplayers.com/inspinia_admin-v2.7.1/css/plugins/chosen/bootstrap-chosen.css]
[webapplayers.com/inspinia_admin-v2.7.1/css/plugins/bootstrap-tagsinput/bootstrap-tagsinput.css]
[webapplayers.com/inspinia_admin-v2.7.1/css/plugins/images/bootstrap-colorpicker/saturation.png]
[webapplayers.com/inspinia_admin-v2.7.1/css/plugins/images/bootstrap-colorpicker/hue.png]
[webapplayers.com/inspinia_admin-v2.7.1/css/plugins/images/bootstrap-colorpicker/alpha.png]
[webapplayers.com/inspinia_admin-v2.7.1/css/plugins/images/bootstrap-colorpicker/hue-horizontal.png]
[webapplayers.com/inspinia_admin-v2.7.1/css/plugins/images/bootstrap-colorpicker/alpha-horizontal.png]
[webapplayers.com/inspinia_admin-v2.7.1/css/plugins/colorpicker/bootstrap-colorpicker.min.css]
[webapplayers.com/inspinia_admin-v2.7.1/css/plugins/cropper/cropper.min.css]
[webapplayers.com/inspinia_admin-v2.7.1/css/plugins/switchery/switchery.css]
[webapplayers.com/inspinia_admin-v2.7.1/css/plugins/jasny/jasny-bootstrap.min.css]
[webapplayers.com/inspinia_admin-v2.7.1/css/plugins/nouslider/jquery.nouislider.css]
[webapplayers.com/inspinia_admin-v2.7.1/css/plugins/datapicker/datepicker3.css]
[webapplayers.com/inspinia_admin-v2.7.1/css/plugins/ionRangeSlider/ion.rangeSlider.css]
[webapplayers.com/inspinia_admin-v2.7.1/css/plugins/images/sprite-skin-flat.png]
[webapplayers.com/inspinia_admin-v2.7.1/css/plugins/ionRangeSlider/ion.rangeSlider.skinFlat.css]
[webapplayers.com/inspinia_admin-v2.7.1/css/plugins/clockpicker/clockpicker.css]
[webapplayers.com/inspinia_admin-v2.7.1/css/plugins/daterangepicker/daterangepicker-bs3.css]
[webapplayers.com/inspinia_admin-v2.7.1/css/plugins/select2/select2.min.css]
[webapplayers.com/inspinia_admin-v2.7.1/css/plugins/touchspin/jquery.bootstrap-touchspin.min.css]
[webapplayers.com/inspinia_admin-v2.7.1/css/plugins/dualListbox/bootstrap-duallistbox.min.css]
[webapplayers.com/inspinia_admin-v2.7.1/css/plugins/steps/jquery.steps.css]
[webapplayers.com/inspinia_admin-v2.7.1/css/plugins/dropzone/basic.css]
[webapplayers.com/inspinia_admin-v2.7.1/css/plugins/dropzone/dropzone.css]
[webapplayers.com/inspinia_admin-v2.7.1/css/plugins/codemirror/codemirror.css]
[webapplayers.com/inspinia_admin-v2.7.1/css/plugins/bootstrap-markdown/bootstrap-markdown.min.css]
[webapplayers.com/inspinia_admin-v2.7.1/css/plugins/codemirror/ambiance.css]
[webapplayers.com/inspinia_admin-v2.7.1/css/plugins/fullcalendar/fullcalendar.css]
[webapplayers.com/inspinia_admin-v2.7.1/css/plugins/fullcalendar/fullcalendar.print.css]
[webapplayers.com/inspinia_admin-v2.7.1/invoice_print.html]
[assets-cdn.github.com/assets/frameworks-592c4aa40e940d1b0607a3cf272916ff.css]
[assets-cdn.github.com/assets/site-348211d27070b0d7bb5d31b1ac3d265b.css]
[github.com/fluidicon.png]
[assets-cdn.github.com/assets/github-96ebb1551fc5dba84c6d2a0fa7b1cfcf.css]
[github.com/mozilla/mozilla/pdf.291.delayed]
[github.com/mozilla/pdf.js/commits/master.atom]
[github.com/login7143.html]
[github.com/mozilla/pdf.js/watchers.html]
[github.com/mozilla/pdf.js/stargazers.html]
[github.com/mozilla/pdf.js/network.html]
[github.com/mozilla/pdf.js/issues.html]
[github.com/mozilla/pdf.js/pulls.html]
[github.com/mozilla/pdf.js/projects.html]
[github.com/mozilla/pdf.js/wiki.html]
[github.com/mozilla/pdf.js/pulse.html]
[github.com/mozilla/pdf.js/commits/master.html]
[github.com/mozilla/pdf.js/branches.29d.delayed]
[github.com/mozilla/pdf.js/releases.html]
[github.com/mozilla/pdf.js/graphs/contributors.html]
[github.com/mozilla/pdf.js/blob/master/LICENSE.html]
[github.com/mozilla/pdf.js/searchd9f4.html]
[github.com/mozilla/pdf.js/searchefff.html]
[github.com/mozilla/pdf.js/search72d8.html]
[github.com/mozilla/pdf.js/find/master.html]
[github.com/mozilla/pdf.js/tree/gh-pages.html]
[github.com/mozilla/pdf.js/tree/master.html]
[github.com/mozilla/pdf.js/tree/version-1.html]
[github.com/mozilla/pdf.js/tree/vundefined.html]
[github.com/mozilla/pdf.js/tree/v1.10.html]
[github.com/mozilla/pdf.js/tree/v1.9.html]
[github.com/mozilla/pdf.js/tree/v1.8.html]
[github.com/mozilla/pdf.js/tree/v1.8-2.html]
[github.com/mozilla/pdf.js/tree/v1.7.html]
[github.com/mozilla/pdf.js/tree/v1.6.html]
[github.com/mozilla/pdf.js/tree/v1.5.html]
[github.com/mozilla/pdf.js/tree/v1.4.html]
[github.com/mozilla/pdf.js/tree/v1.4-2.html]
[github.com/mozilla/pdf.js/tree/v1.3.html]
[github.com/mozilla/pdf.js/tree/v1.3-2.html]
[github.com/mozilla/pdf.js/tree/v1.2.html]
[github.com/mozilla/pdf.js/tree/v1.1.html]
[github.com/mozilla/pdf.js/tree/v1.1-2.html]
[github.com/mozilla/pdf.js/tree/v1.1-3.html]
[github.com/mozilla/pdf.js/tree/v1.1-4.html]
[github.com/mozilla/pdf.js/tree/v1.1-5.html]
[github.com/mozilla/pdf.js/tree/v1.1-6.html]
[github.com/mozilla/pdf.js/tree/v1.0.html]
[github.com/mozilla/pdf.js/tree/v1.0-2.html]
[github.com/mozilla/pdf.js/tree/v1.0-3.html]
[github.com/mozilla/pdf.js/tree/v1.0-4.html]
[github.com/mozilla/pdf.js/tree/v1.0-5.html]
[github.com/mozilla/pdf.js/tree/v1.0-6.html]
[github.com/mozilla/pdf.js/tree/v1.0-7.html]
[github.com/mozilla/pdf.js/tree/v1.0-8.html]
[github.com/mozilla/pdf.js/tree/v1.0-9.html]
[github.com/mozilla/pdf.js/tree/v1.0-10.html]
[github.com/mozilla/pdf.js/tree/v1.0-11.html]
[github.com/mozilla/pdf.js/tree/v1.0-12.html]
[github.com/mozilla/pdf.js/tree/v1.0-13.html]
[github.com/mozilla/pdf.js/tree/v1.0-14.html]
[github.com/mozilla/pdf.js/tree/v1.0-15.html]
[github.com/mozilla/pdf.js/tree/v1.0-16.html]
[github.com/mozilla/pdf.js/tree/v1.0-17.html]
[github.com/mozilla/pdf.js/tree/v0.8.html]
[github.com/mozilla/pdf.js/tree/v0.8-2.html]
[github.com/mozilla/pdf.js/tree/v0.5.html]
[github.com/mozilla/pdf.js/tree/v0.4.html]
[github.com/mozilla/pdf.js/tree/v0.3.html]
[github.com/mozilla/pdf.js/tree/v0.1.html]
[github.com/mozilla/pdf.js/tree/milestone-0.html]
[github.com/mozilla/pdf.js/tree/help.html]
[github.com/mozilla/pdf.js/tree/1.0.html]
[github.com/mozilla/pdf.js/tree-commit/2dc4af525d1612c98afcd1e6bee57d4788f78f97.html]
[assets-cdn.github.com/images/spinners/octocat-spinner-32-EAF2F5.gif]
[assets-cdn.github.com/images/spinners/octocat-spinner-32.gif]
[github.com/mozilla/pdf.js/tree/2dc4af525d1612c98afcd1e6bee57d4788f78f97.html]
[github.com/mozilla/pdf.js/tree/master/.html]
[github.com/mozilla/pdf.js/commit/40466a85e013885ff170ddfb171f483287e210be.html]
[github.com/mozilla/pdf.js/tree/master/docs.html]
[github.com/mozilla/pdf.js/commit/362da3bc050dabf3e9e4bb6cfaad51e94a04373c.html]
[github.com/mozilla/pdf.js/tree/master/examples.html]
[github.com/mozilla/pdf.js/commit/ea2850e9a7ac42ce8d2761160645776452cd2a41.html]
[github.com/mozilla/pdf.js/tree/master/extensions.html]
[github.com/mozilla/pdf.js/commit/a7a034d803094b5d421a0d429c84906aea94edf2.html]
[github.com/mozilla/pdf.html]
[webapplayers.com/inspinia_admin-v2.7.1/css/plugins/sweetalert/sweetalert.css]
[webapplayers.com/inspinia_admin-v2.7.1/css/plugins/ladda/ladda-themeless.min.css]
[webapplayers.com/inspinia_admin-v2.7.1/css/plugins/textSpinners/spinners.css]
[webapplayers.com/inspinia_admin-v2.7.1/css/plugins/bootstrapSocial/bootstrap-social.css]
[webapplayers.com/inspinia_admin-v2.7.1/forum_post.html]
[webapplayers.com/inspinia_admin-v2.7.1/css/plugins/jsTree/style.min.css]
[webapplayers.com/inspinia_admin-v2.7.1/css/plugins/bootstrapTour/bootstrap-tour.min.css]
[webapplayers.com/inspinia_admin-v2.7.1/css/plugins/jQueryUI/jquery-ui.css]
[webapplayers.com/inspinia_admin-v2.7.1/css/plugins/dataTables/datatables.min.css]
[webapplayers.com/inspinia_admin-v2.7.1/css/plugins/footable/footable.core.css]
[webapplayers.com/inspinia_admin-v2.7.1/css/plugins/jQueryUI/jquery-ui-1.10.4.custom.min.css]
[webapplayers.com/inspinia_admin-v2.7.1/css/plugins/jqGrid/ui.jqgrid.css]
[mydomain.com/images/image1.html]
[mydomain.com/images/image2.html]
[mydomain.com/images/image3.html]
[mydomain.com/images/image4.html]
[mydomain.com/images/image5.html]
[mydomain.com/images/image6.html]
[mydomain.com/images/image7.html]
[webapplayers.com/inspinia_admin-v2.7.1/css/plugins/slick/slick.css]
[webapplayers.com/inspinia_admin-v2.7.1/css/plugins/slick/slick-theme.css]
[webapplayers.com/inspinia_admin-v2.7.1/css/plugins/blueimp/css/blueimp-gallery.min.css]
[webapplayers.com/inspinia_admin-v2.7.1/font-awesome/css/font-awesome.min.css]
[webapplayers.com/inspinia_admin-v2.7.1/Angular/index.html]
[webapplayers.com/inspinia_admin-v2.7.1/css/plugins/fonts/glyphicons-halflings-regular.html]
[webapplayers.com/inspinia_admin-v2.7.1/css/plugins/fonts/glyphicons-halflings-regulard41d.html]
[webapplayers.com/inspinia_admin-v2.7.1/css/plugins/fonts/glyphicons-halflings-regular-2.html]
[webapplayers.com/inspinia_admin-v2.7.1/css/plugins/fonts/glyphicons-halflings-regular-3.html]
[webapplayers.com/inspinia_admin-v2.7.1/css/plugins/fonts/glyphicons-halflings-regular-4.html]
[webapplayers.com/inspinia_admin-v2.7.1/email_templates/styles.css]
[assets-cdn.github.com/assets/frameworks-592c4aa40e940d1b0607a3cf272916ff.css]
[assets-cdn.github.com/assets/github-96ebb1551fc5dba84c6d2a0fa7b1cfcf.css]
[assets-cdn.github.com/assets/site-348211d27070b0d7bb5d31b1ac3d265b.css]
[github.com/mozilla/mozilla/pdf.json]
[github.com/login7143.html]
[github.com/mozilla/pdf.js/watchers.html]
[github.com/mozilla/pdf.js/stargazers.html]
[github.com/mozilla/pdf.js/network.html]
[github.com/mozilla/pdf.js/issues.html]
[github.com/mozilla/pdf.js/pulls.html]
[github.com/mozilla/pdf.js/projects.html]
[github.com/mozilla/pdf.js/wiki.html]
[github.com/mozilla/pdf.js/pulse.html]
[github.com/mozilla/pdf.js/commits/master.html]
[github.com/mozilla/pdf.js/branches.html]
[github.com/mozilla/pdf.js/releases.html]
[github.com/mozilla/pdf.js/graphs/contributors.html]
[github.com/mozilla/pdf.js/blob/master/LICENSE.html]
[github.com/mozilla/pdf.js/searchd9f4.html]
[github.com/mozilla/pdf.js/searchefff.html]
[github.com/mozilla/pdf.js/search72d8.html]
[github.com/mozilla/pdf.js/find/master.html]
[github.com/mozilla/pdf.js/tree/gh-pages.html]
[github.com/mozilla/pdf.js/tree/master.html]
[github.com/mozilla/pdf.js/tree/version-1.html]
[github.com/mozilla/pdf.js/tree/vundefined.html]
[github.com/mozilla/pdf.js/tree/v1.10.html]
[github.com/mozilla/pdf.js/tree/v1.9.html]
[github.com/mozilla/pdf.js/tree/v1.8.html]
[github.com/mozilla/pdf.js/tree/v1.8-2.html]
[github.com/mozilla/pdf.js/tree/v1.7.html]
[github.com/mozilla/pdf.js/tree/v1.6.html]
[github.com/mozilla/pdf.js/tree/v1.5.html]
[github.com/mozilla/pdf.js/tree/v1.4.html]
[github.com/mozilla/pdf.js/tree/v1.4-2.html]
[github.com/mozilla/pdf.js/tree/v1.3.html]
[github.com/mozilla/pdf.js/tree/v1.3-2.html]
[github.com/mozilla/pdf.js/tree/v1.2.html]
[github.com/mozilla/pdf.js/tree/v1.1.html]
[github.com/mozilla/pdf.js/tree/v1.1-2.html]
[github.com/mozilla/pdf.js/tree/v1.1-3.html]
[github.com/mozilla/pdf.js/tree/v1.1-4.html]
[github.com/mozilla/pdf.js/tree/v1.1-5.html]
[github.com/mozilla/pdf.js/tree/v1.1-6.html]
